Event: 13104 Win: 0 Time: 0
Event: 13115 Win: 0 Time: 0
Event: 13117 Win: 0 Time: 0
Event: 13108 Win: 0 Time: 0
Event: 13118 Win: 0 Time: 0
Event: 13115 Win: 0 Time: 0
Event: 13117 Win: 0 Time: 0
Event: 13108 Win: 0 Time: 0
Event: 13118 Win: 0 Time: 0
Event: 13115 Win: 0 Time: 0
Event: 13100 Win: 0 Time: 0
  Gadget: 0
Event: 13100 Win: 0 Time: 0
  Gadget: 0
Event: 13115 Win: 0 Time: 0
Event: 13100 Win: 0 Time: 0
  Gadget: 6
Event: 13100 Win: 0 Time: 0
  Gadget: 6
Event: 13115 Win: 0 Time: 0
Event: 13100 Win: 0 Time: 0
  Gadget: 9
Event: 13100 Win: 0 Time: 0
  Gadget: 9
Event: 13115 Win: 0 Time: 0
Event: 13100 Win: 0 Time: 0
  Gadget: 12
Event: 13100 Win: 0 Time: 0
  Gadget: 12
Event: 13100 Win: 0 Time: 0
  Gadget: 11
Event: 799 Win: 0 Time: 0
Event: 799 Win: 0 Time: 0
Event: 842 Win: 0 Time: 1
Event: 49370 Win: 0 Time: 5
Event: 842 Win: 0 Time: 6
Event: 5002 Win: 0 Time: 7
Event: 8448 Win: 0 Time: 7
Event: 96 Win: 0 Time: 7
Event: 49460 Win: 0 Time: 24
Event: 96 Win: 0 Time: 24
Event: 15 Win: 0 Time: 27
Event: 96 Win: 0 Time: 27
Event: 15 Win: 0 Time: 28
Event: 15 Win: 0 Time: 28
Event: 15 Win: 0 Time: 28
Event: 15 Win: 0 Time: 29
Event: 15 Win: 0 Time: 29
Event: 15 Win: 0 Time: 30
Event: 15 Win: 0 Time: 30
Event: 15 Win: 0 Time: 30
Event: 15 Win: 0 Time: 30
Event: 275 Win: 0 Time: 42
Event: 275 Win: 0 Time: 253
Event: 275 Win: 0 Time: 432
Event: 512 Win: 0 Time: 1569
Event: 512 Win: 0 Time: 1576
Event: 512 Win: 0 Time: 1584
Event: 512 Win: 0 Time: 1592
Event: 512 Win: 0 Time: 1600
Event: 512 Win: 0 Time: 1608
Event: 512 Win: 0 Time: 1616
Event: 512 Win: 0 Time: 1625
Event: 512 Win: 0 Time: 1632
Event: 512 Win: 0 Time: 1640
Event: 512 Win: 0 Time: 1649
Event: 512 Win: 0 Time: 1656
Event: 512 Win: 0 Time: 1664
Event: 512 Win: 0 Time: 1672
Event: 512 Win: 0 Time: 1680
Event: 512 Win: 0 Time: 1688
Event: 512 Win: 0 Time: 1697
Event: 512 Win: 0 Time: 1704
Event: 512 Win: 0 Time: 1712
Event: 512 Win: 0 Time: 1720
Event: 512 Win: 0 Time: 1728
Event: 512 Win: 0 Time: 1736
Event: 512 Win: 0 Time: 1744
Event: 512 Win: 0 Time: 1752
Event: 512 Win: 0 Time: 1760
Event: 512 Win: 0 Time: 1768
Event: 512 Win: 0 Time: 1776
Event: 512 Win: 0 Time: 1784
Event: 512 Win: 0 Time: 1792
Event: 512 Win: 0 Time: 1800
Event: 512 Win: 0 Time: 2009
Event: 512 Win: 0 Time: 2017
Event: 512 Win: 0 Time: 2025
Event: 512 Win: 0 Time: 2032
Event: 512 Win: 0 Time: 2041
Event: 512 Win: 0 Time: 2048
Event: 512 Win: 0 Time: 2057
Event: 512 Win: 0 Time: 2064
Event: 512 Win: 0 Time: 2073
Event: 512 Win: 0 Time: 2081
Event: 512 Win: 0 Time: 2089
Event: 512 Win: 0 Time: 2097
Event: 512 Win: 0 Time: 2104
Event: 512 Win: 0 Time: 2113
Event: 512 Win: 0 Time: 2121
Event: 512 Win: 0 Time: 2129
Event: 512 Win: 0 Time: 2137
Event: 512 Win: 0 Time: 2145
Event: 512 Win: 0 Time: 2153
Event: 512 Win: 0 Time: 2160
Event: 512 Win: 0 Time: 2168
Event: 512 Win: 0 Time: 2177
Event: 512 Win: 0 Time: 2184
Event: 675 Win: 0 Time: 2184
Event: 512 Win: 0 Time: 2192
Event: 512 Win: 0 Time: 2200
Event: 512 Win: 0 Time: 2208
Event: 512 Win: 0 Time: 2216
Event: 512 Win: 0 Time: 2224
Event: 512 Win: 0 Time: 2232
Event: 512 Win: 0 Time: 2241
Event: 512 Win: 0 Time: 2248
Event: 512 Win: 0 Time: 2256
Event: 512 Win: 0 Time: 2267
Event: 512 Win: 0 Time: 2274
Event: 512 Win: 0 Time: 2283
Event: 512 Win: 0 Time: 2288
Event: 512 Win: 0 Time: 2297
Event: 512 Win: 0 Time: 2305
Event: 512 Win: 0 Time: 2313
Event: 512 Win: 0 Time: 2320
Event: 512 Win: 0 Time: 2328
Event: 160 Win: 0 Time: 2337
Event: 512 Win: 0 Time: 2344
Event: 512 Win: 0 Time: 2353
Event: 512 Win: 0 Time: 2360
Event: 512 Win: 0 Time: 2368
Event: 512 Win: 0 Time: 2376
Event: 512 Win: 0 Time: 2626
Event: 160 Win: 0 Time: 2633
Event: 512 Win: 0 Time: 2641
Event: 512 Win: 0 Time: 2649
Event: 512 Win: 0 Time: 2656
Event: 512 Win: 0 Time: 2664
Event: 512 Win: 0 Time: 2672
Event: 512 Win: 0 Time: 2681
Event: 512 Win: 0 Time: 2688
Event: 512 Win: 0 Time: 2697
Event: 512 Win: 0 Time: 2728
Event: 275 Win: 0 Time: 2834
Event: 512 Win: 0 Time: 2849
Event: 512 Win: 0 Time: 2897
Event: 512 Win: 0 Time: 2928
Event: 512 Win: 0 Time: 2936
Event: 512 Win: 0 Time: 2952
Event: 512 Win: 0 Time: 2960
Event: 512 Win: 0 Time: 2993
Event: 512 Win: 0 Time: 3841
Event: 512 Win: 0 Time: 3848
Event: 512 Win: 0 Time: 3856
Event: 512 Win: 0 Time: 3864
Event: 512 Win: 0 Time: 3873
Event: 512 Win: 0 Time: 3880
Event: 512 Win: 0 Time: 3888
Event: 512 Win: 0 Time: 3896
Event: 512 Win: 0 Time: 3904
Event: 512 Win: 0 Time: 3912
Event: 512 Win: 0 Time: 3920
Event: 512 Win: 0 Time: 3928
Event: 512 Win: 0 Time: 3936
Event: 512 Win: 0 Time: 3945
Event: 512 Win: 0 Time: 3952
Event: 512 Win: 0 Time: 3961
Event: 512 Win: 0 Time: 4290
Event: 512 Win: 0 Time: 4297
Event: 512 Win: 0 Time: 4305
Event: 512 Win: 0 Time: 4312
Event: 512 Win: 0 Time: 4321
Event: 512 Win: 0 Time: 4328
Event: 512 Win: 0 Time: 4336
Event: 512 Win: 0 Time: 4344
Event: 512 Win: 0 Time: 4352
Event: 512 Win: 0 Time: 4361
Event: 160 Win: 0 Time: 4368
Event: 512 Win: 0 Time: 4377
Event: 512 Win: 0 Time: 4384
Event: 512 Win: 0 Time: 4392
Event: 512 Win: 0 Time: 4400
Event: 512 Win: 0 Time: 4408
Event: 512 Win: 0 Time: 4416
Event: 512 Win: 0 Time: 4424
Event: 512 Win: 0 Time: 4432
Event: 512 Win: 0 Time: 4441
Event: 512 Win: 0 Time: 4448
Event: 512 Win: 0 Time: 4456
Event: 512 Win: 0 Time: 4464
Event: 512 Win: 0 Time: 4472
Event: 160 Win: 0 Time: 4481
Event: 160 Win: 0 Time: 4489
Event: 512 Win: 0 Time: 4496
Event: 512 Win: 0 Time: 4504
Event: 512 Win: 0 Time: 4512
Event: 512 Win: 0 Time: 4537
Event: 512 Win: 0 Time: 4561
Event: 512 Win: 0 Time: 4568
Event: 512 Win: 0 Time: 4576
Event: 512 Win: 0 Time: 4584
Event: 512 Win: 0 Time: 4592
Event: 512 Win: 0 Time: 4600
Event: 512 Win: 0 Time: 4608
Event: 512 Win: 0 Time: 4721
Event: 512 Win: 0 Time: 4729
Event: 512 Win: 0 Time: 4736
Event: 512 Win: 0 Time: 4744
Event: 512 Win: 0 Time: 4752
Event: 512 Win: 0 Time: 4760
Event: 512 Win: 0 Time: 4769
Event: 512 Win: 0 Time: 4777
Event: 512 Win: 0 Time: 4784
Event: 512 Win: 0 Time: 4793
Event: 512 Win: 0 Time: 4801
Event: 512 Win: 0 Time: 4808
Event: 512 Win: 0 Time: 4816
Event: 512 Win: 0 Time: 4824
Event: 512 Win: 0 Time: 4832
Event: 512 Win: 0 Time: 4841
Event: 512 Win: 0 Time: 4848
Event: 512 Win: 0 Time: 4856
Event: 512 Win: 0 Time: 4864
Event: 512 Win: 0 Time: 4873
Event: 512 Win: 0 Time: 4880
Event: 512 Win: 0 Time: 4888
Event: 512 Win: 0 Time: 4904
Event: 512 Win: 0 Time: 4921
Event: 512 Win: 0 Time: 4928
Event: 512 Win: 0 Time: 4936
Event: 512 Win: 0 Time: 4944
Event: 512 Win: 0 Time: 4952
Event: 512 Win: 0 Time: 4960
Event: 512 Win: 0 Time: 4969
Event: 512 Win: 0 Time: 4977
Event: 512 Win: 0 Time: 4985
Event: 512 Win: 0 Time: 4992
Event: 522 Win: 0 Time: 5112
Event: 522 Win: 0 Time: 5144
Event: 512 Win: 0 Time: 5153
Event: 522 Win: 0 Time: 5168
Event: 522 Win: 0 Time: 5200
Event: 275 Win: 0 Time: 5280
Event: 512 Win: 0 Time: 5793
Event: 512 Win: 0 Time: 5809
Event: 512 Win: 0 Time: 5816
Event: 512 Win: 0 Time: 5824
Event: 512 Win: 0 Time: 5832
Event: 512 Win: 0 Time: 5840
Event: 512 Win: 0 Time: 5865
Event: 512 Win: 0 Time: 5872
Event: 512 Win: 0 Time: 5896
Event: 512 Win: 0 Time: 5913
Event: 512 Win: 0 Time: 5937
Event: 512 Win: 0 Time: 5952
Event: 512 Win: 0 Time: 6000
Event: 512 Win: 0 Time: 6018
Event: 512 Win: 0 Time: 6025
Event: 512 Win: 0 Time: 6032
Event: 512 Win: 0 Time: 6040
Event: 512 Win: 0 Time: 6056
Event: 512 Win: 0 Time: 6064
Event: 512 Win: 0 Time: 6072
Event: 512 Win: 0 Time: 6088
Event: 512 Win: 0 Time: 6096
Event: 512 Win: 0 Time: 6104
Event: 512 Win: 0 Time: 6112
Event: 512 Win: 0 Time: 6120
Event: 512 Win: 0 Time: 6128
Event: 512 Win: 0 Time: 6137
Event: 512 Win: 0 Time: 6144
Event: 512 Win: 0 Time: 6152
Event: 512 Win: 0 Time: 6160
Event: 512 Win: 0 Time: 6168
Event: 512 Win: 0 Time: 6177
Event: 512 Win: 0 Time: 6184
Event: 512 Win: 0 Time: 6192
Event: 512 Win: 0 Time: 6200
Event: 512 Win: 0 Time: 6208
Event: 512 Win: 0 Time: 6216
Event: 512 Win: 0 Time: 6224
Event: 512 Win: 0 Time: 6232
Event: 512 Win: 0 Time: 6241
Event: 512 Win: 0 Time: 6249
Event: 160 Win: 0 Time: 6257
Event: 675 Win: 0 Time: 6257
Event: 512 Win: 0 Time: 6264
Event: 512 Win: 0 Time: 6272
Event: 512 Win: 0 Time: 6280
Event: 512 Win: 0 Time: 6288
Event: 512 Win: 0 Time: 6297
Event: 512 Win: 0 Time: 6304
Event: 160 Win: 0 Time: 6312
Event: 160 Win: 0 Time: 6321
Event: 512 Win: 0 Time: 6328
Event: 512 Win: 0 Time: 6336
Event: 512 Win: 0 Time: 6344
Event: 512 Win: 0 Time: 6352
Event: 512 Win: 0 Time: 6368
Event: 512 Win: 0 Time: 6384
Event: 512 Win: 0 Time: 6392
Event: 512 Win: 0 Time: 6400
Event: 512 Win: 0 Time: 6408
Event: 512 Win: 0 Time: 6416
Event: 512 Win: 0 Time: 6425
Event: 512 Win: 0 Time: 6433
Event: 512 Win: 0 Time: 6440
Event: 512 Win: 0 Time: 6448
Event: 512 Win: 0 Time: 6456
Event: 512 Win: 0 Time: 6464
Event: 512 Win: 0 Time: 6472
Event: 512 Win: 0 Time: 6480
Event: 512 Win: 0 Time: 6488
Event: 512 Win: 0 Time: 6496
Event: 512 Win: 0 Time: 6505
Event: 512 Win: 0 Time: 6512
Event: 512 Win: 0 Time: 6520
Event: 512 Win: 0 Time: 6528
Event: 512 Win: 0 Time: 6536
Event: 512 Win: 0 Time: 6544
Event: 512 Win: 0 Time: 6552
Event: 512 Win: 0 Time: 6560
Event: 512 Win: 0 Time: 6568
Event: 512 Win: 0 Time: 6576
Event: 512 Win: 0 Time: 6584
Event: 512 Win: 0 Time: 6592
Event: 512 Win: 0 Time: 6608
Event: 512 Win: 0 Time: 6665
Event: 512 Win: 0 Time: 6680
Event: 512 Win: 0 Time: 6689
Event: 512 Win: 0 Time: 6697
Event: 512 Win: 0 Time: 6704
Event: 512 Win: 0 Time: 6712
Event: 512 Win: 0 Time: 6720
Event: 512 Win: 0 Time: 6728
Event: 512 Win: 0 Time: 6753
Event: 512 Win: 0 Time: 6769
Event: 512 Win: 0 Time: 6793
Event: 512 Win: 0 Time: 6841
Event: 512 Win: 0 Time: 6857
Event: 512 Win: 0 Time: 6865
Event: 512 Win: 0 Time: 6872
Event: 512 Win: 0 Time: 6880
Event: 512 Win: 0 Time: 6888
Event: 512 Win: 0 Time: 6897
Event: 512 Win: 0 Time: 6905
Event: 512 Win: 0 Time: 6937
Event: 512 Win: 0 Time: 6961
Event: 512 Win: 0 Time: 6976
Event: 512 Win: 0 Time: 7017
Event: 512 Win: 0 Time: 7769
Event: 512 Win: 0 Time: 8409
Event: 512 Win: 0 Time: 8505
Event: 512 Win: 0 Time: 8512
Event: 512 Win: 0 Time: 8520
Event: 512 Win: 0 Time: 8528
Event: 512 Win: 0 Time: 8536
Event: 512 Win: 0 Time: 8544
Event: 512 Win: 0 Time: 8553
Event: 512 Win: 0 Time: 8568
Event: 512 Win: 0 Time: 8584
Event: 512 Win: 0 Time: 8592
Event: 512 Win: 0 Time: 8617
Event: 512 Win: 0 Time: 8649
Event: 512 Win: 0 Time: 8665
Event: 512 Win: 0 Time: 8681
Event: 512 Win: 0 Time: 8697
Event: 512 Win: 0 Time: 8704
Event: 512 Win: 0 Time: 8712
Event: 512 Win: 0 Time: 8720
Event: 512 Win: 0 Time: 8729
Event: 512 Win: 0 Time: 8736
Event: 512 Win: 0 Time: 8753
Event: 512 Win: 0 Time: 8760
Event: 512 Win: 0 Time: 8769
Event: 512 Win: 0 Time: 8776
Event: 512 Win: 0 Time: 8784
Event: 512 Win: 0 Time: 8792
Event: 512 Win: 0 Time: 8800
Event: 512 Win: 0 Time: 8808
Event: 512 Win: 0 Time: 8816
Event: 160 Win: 0 Time: 8825
Event: 512 Win: 0 Time: 8833
Event: 512 Win: 0 Time: 8842
Event: 512 Win: 0 Time: 8849
Event: 512 Win: 0 Time: 8857
Event: 512 Win: 0 Time: 8864
Event: 512 Win: 0 Time: 8873
Event: 512 Win: 0 Time: 8880
Event: 512 Win: 0 Time: 8888
Event: 512 Win: 0 Time: 8897
Event: 512 Win: 0 Time: 8905
Event: 512 Win: 0 Time: 8913
Event: 160 Win: 0 Time: 8920
Event: 160 Win: 0 Time: 8929
Event: 512 Win: 0 Time: 8937
Event: 674 Win: 0 Time: 8937
Event: 512 Win: 0 Time: 8944
Event: 512 Win: 0 Time: 8952
Event: 512 Win: 0 Time: 8960
Event: 512 Win: 0 Time: 8968
Event: 512 Win: 0 Time: 8977
Event: 512 Win: 0 Time: 8985
Event: 512 Win: 0 Time: 8992
Event: 512 Win: 0 Time: 9000
Event: 512 Win: 0 Time: 9008
Event: 512 Win: 0 Time: 9016
Event: 512 Win: 0 Time: 9024
Event: 512 Win: 0 Time: 9032
Event: 512 Win: 0 Time: 9040
Event: 512 Win: 0 Time: 9048
Event: 512 Win: 0 Time: 9057
Event: 512 Win: 0 Time: 9072
Event: 512 Win: 0 Time: 9089
Event: 512 Win: 0 Time: 9137
Event: 512 Win: 0 Time: 9144
Event: 512 Win: 0 Time: 9161
Event: 512 Win: 0 Time: 9193
Event: 513 Win: 0 Time: 9957
Event: 13100 Win: 0 Time: 9957
  Gadget: 11
Event: 5002 Win: 0 Time: 9958
Event: 15 Win: 0 Time: 9960
Event: 96 Win: 0 Time: 9960
Event: 96 Win: 0 Time: 9962
Event: 275 Win: 0 Time: 10064
Event: 5002 Win: 0 Time: 10064
Event: 514 Win: 0 Time: 10089
Event: 5002 Win: 0 Time: 10089
Event: 512 Win: 0 Time: 10089
Event: 275 Win: 0 Time: 10266
Event: 275 Win: 0 Time: 10456
Event: 512 Win: 0 Time: 10465
Event: 512 Win: 0 Time: 10473
Event: 512 Win: 0 Time: 10480
Event: 280 Win: 0 Time: 10487
Event: 275 Win: 0 Time: 10487
Event: 15 Win: 0 Time: 10488
Event: 512 Win: 0 Time: 10857
Event: 512 Win: 0 Time: 10889
Event: 512 Win: 0 Time: 10896
Event: 512 Win: 0 Time: 10904
Event: 512 Win: 0 Time: 10912
Event: 512 Win: 0 Time: 10920
Event: 512 Win: 0 Time: 10928
Event: 512 Win: 0 Time: 10936
Event: 512 Win: 0 Time: 10944
Event: 280 Win: 0 Time: 11016
Event: 275 Win: 0 Time: 11016
Event: 15 Win: 0 Time: 11017
Event: 512 Win: 0 Time: 11033
Event: 513 Win: 0 Time: 11211
Event: 5002 Win: 0 Time: 11211
Event: 15 Win: 0 Time: 11212
Event: 275 Win: 0 Time: 11312
Event: 514 Win: 0 Time: 11361
Event: 5002 Win: 0 Time: 11361
Event: 512 Win: 0 Time: 11361
Event: 280 Win: 0 Time: 11739
Event: 275 Win: 0 Time: 11739
Event: 15 Win: 0 Time: 11741
Event: 513 Win: 0 Time: 12090
Event: 5002 Win: 0 Time: 12090
Event: 15 Win: 0 Time: 12092
Event: 275 Win: 0 Time: 12191
Event: 5002 Win: 0 Time: 12191
Event: 512 Win: 0 Time: 12232
Event: 514 Win: 0 Time: 12241
Event: 5002 Win: 0 Time: 12241
Event: 512 Win: 0 Time: 12249
Event: 280 Win: 0 Time: 12606
Event: 275 Win: 0 Time: 12606
Event: 15 Win: 0 Time: 12610
Event: 513 Win: 0 Time: 12611
Event: 5002 Win: 0 Time: 12612
Event: 15 Win: 0 Time: 12613
Event: 275 Win: 0 Time: 12714
Event: 514 Win: 0 Time: 12746
Event: 512 Win: 0 Time: 12746
Event: 512 Win: 0 Time: 12765
Event: 280 Win: 0 Time: 13142
Event: 275 Win: 0 Time: 13142
Event: 15 Win: 0 Time: 13143
Event: 280 Win: 0 Time: 13674
Event: 275 Win: 0 Time: 13674
Event: 15 Win: 0 Time: 13676
Event: 256 Win: 0 Time: 13993
Event: 258 Win: 0 Time: 13994
Event: 13100 Win: 0 Time: 13994
  Gadget: 11
Event: 5002 Win: 0 Time: 13994
Event: 15 Win: 0 Time: 13995
Event: 96 Win: 0 Time: 13995
Event: 96 Win: 0 Time: 13995
Event: 257 Win: 0 Time: 14153
Event: 96 Win: 0 Time: 14153
Event: 512 Win: 0 Time: 14265
Event: 512 Win: 0 Time: 14273
Event: 512 Win: 0 Time: 14280
Event: 512 Win: 0 Time: 14297
Event: 512 Win: 0 Time: 14305
Event: 512 Win: 0 Time: 14322
Event: 512 Win: 0 Time: 14328
Event: 512 Win: 0 Time: 14336
Event: 512 Win: 0 Time: 14353
Event: 512 Win: 0 Time: 14385
Event: 512 Win: 0 Time: 14425
Event: 512 Win: 0 Time: 14440
Event: 512 Win: 0 Time: 14472
Event: 512 Win: 0 Time: 14480
Event: 512 Win: 0 Time: 14496
Event: 512 Win: 0 Time: 14504
Event: 280 Win: 0 Time: 14520
Event: 275 Win: 0 Time: 14520
Event: 15 Win: 0 Time: 14521
Event: 512 Win: 0 Time: 14521
Event: 512 Win: 0 Time: 14536
Event: 512 Win: 0 Time: 14561
Event: 512 Win: 0 Time: 14626
Event: 512 Win: 0 Time: 14648
Event: 512 Win: 0 Time: 14664
Event: 512 Win: 0 Time: 14672
Event: 512 Win: 0 Time: 14680
Event: 512 Win: 0 Time: 14688
Event: 512 Win: 0 Time: 14696
Event: 512 Win: 0 Time: 14705
Event: 512 Win: 0 Time: 14712
Event: 512 Win: 0 Time: 14720
Event: 512 Win: 0 Time: 14728
Event: 512 Win: 0 Time: 14744
Event: 512 Win: 0 Time: 14752
Event: 512 Win: 0 Time: 14760
Event: 512 Win: 0 Time: 14776
Event: 512 Win: 0 Time: 14784
Event: 512 Win: 0 Time: 14793
Event: 512 Win: 0 Time: 14825
Event: 512 Win: 0 Time: 14841
Event: 512 Win: 0 Time: 14856
Event: 512 Win: 0 Time: 14864
Event: 512 Win: 0 Time: 14889
Event: 512 Win: 0 Time: 14961
Event: 512 Win: 0 Time: 14976
Event: 280 Win: 0 Time: 15060
Event: 275 Win: 0 Time: 15061
Event: 15 Win: 0 Time: 15062
Event: 512 Win: 0 Time: 15369
Event: 512 Win: 0 Time: 15377
Event: 512 Win: 0 Time: 15382
Event: 512 Win: 0 Time: 15384
Event: 512 Win: 0 Time: 15393
Event: 512 Win: 0 Time: 15401
Event: 512 Win: 0 Time: 15409
Event: 512 Win: 0 Time: 15416
Event: 512 Win: 0 Time: 15424
Event: 512 Win: 0 Time: 15432
Event: 512 Win: 0 Time: 15440
Event: 512 Win: 0 Time: 15449
Event: 512 Win: 0 Time: 15456
Event: 512 Win: 0 Time: 15464
Event: 512 Win: 0 Time: 15473
Event: 675 Win: 0 Time: 15473
Event: 512 Win: 0 Time: 15481
Event: 512 Win: 0 Time: 15488
Event: 512 Win: 0 Time: 15497
Event: 512 Win: 0 Time: 15505
Event: 512 Win: 0 Time: 15513
Event: 512 Win: 0 Time: 15521
Event: 512 Win: 0 Time: 15529
Event: 512 Win: 0 Time: 15537
Event: 512 Win: 0 Time: 15545
Event: 512 Win: 0 Time: 15553
Event: 512 Win: 0 Time: 15561
Event: 512 Win: 0 Time: 15569
Event: 512 Win: 0 Time: 15577
Event: 512 Win: 0 Time: 15585
Event: 280 Win: 0 Time: 15590
Event: 275 Win: 0 Time: 15590
Event: 15 Win: 0 Time: 15591
Event: 512 Win: 0 Time: 15592
Event: 512 Win: 0 Time: 15601
Event: 512 Win: 0 Time: 15608
Event: 512 Win: 0 Time: 15617
Event: 512 Win: 0 Time: 15624
Event: 512 Win: 0 Time: 15632
Event: 512 Win: 0 Time: 15640
Event: 512 Win: 0 Time: 15648
Event: 512 Win: 0 Time: 15657
Event: 512 Win: 0 Time: 15665
Event: 512 Win: 0 Time: 15673
Event: 512 Win: 0 Time: 15681
Event: 512 Win: 0 Time: 15689
Event: 512 Win: 0 Time: 15697
Event: 512 Win: 0 Time: 15705
Event: 512 Win: 0 Time: 15712
Event: 160 Win: 0 Time: 15721
Event: 512 Win: 0 Time: 15729
Event: 674 Win: 0 Time: 15729
Event: 512 Win: 0 Time: 15737
